[
  {
    "PROJECT_ID": 4369591,
    "PROJECT_NAME": "Ace Fitness Website 2.0",
    "STATUS": "In Progress",
    "PROJECT_DETAILS": null,
    "OPPORTUNITY_ID": null,
    "STARTED_DATE": null,
    "COMPLETED_DATE": null,
    "IMAGE_URL": null,
    "RESPONSIBLE_USER_ID": null,
    "OWNER_USER_ID": 1337996,
    "DATE_CREATED_UTC": "2017-03-18T18:27:11",
    "DATE_UPDATED_UTC": "2017-05-13T17:29:50",
    "CATEGORY_ID": null,
    "PIPELINE_ID": null,
    "STAGE_ID": null,
    "VISIBLE_TO": "EVERYONE",
    "VISIBLE_TEAM_ID": null,
    "VISIBLE_USER_IDS": null,
    "CUSTOMFIELDS": [
      {
        "CUSTOM_FIELD_ID": "PROJECT_FIELD_2",
        "FIELD_VALUE": "2017-02-23 00:00:00"
      },
      {
        "CUSTOM_FIELD_ID": "PROJECT_FIELD_1",
        "FIELD_VALUE": "45000"
      }
    ],
    "TAGS": [],
    "LINKS": [
      {
        "LINK_ID": 138037219,
        "CONTACT_ID": null,
        "OPPORTUNITY_ID": null,
        "ORGANISATION_ID": 102917273,
        "PROJECT_ID": 4369591,
        "SECOND_PROJECT_ID": null,
        "SECOND_OPPORTUNITY_ID": null,
        "ROLE": null,
        "DETAILS": null
      },
      {
        "LINK_ID": 138037392,
        "CONTACT_ID": 210315264,
        "OPPORTUNITY_ID": null,
        "ORGANISATION_ID": null,
        "PROJECT_ID": 4369591,
        "SECOND_PROJECT_ID": null,
        "SECOND_OPPORTUNITY_ID": null,
        "ROLE": "Tech Lead",
        "DETAILS": ""
      },
      {
        "LINK_ID": 138037395,
        "CONTACT_ID": 211115363,
        "OPPORTUNITY_ID": null,
        "ORGANISATION_ID": null,
        "PROJECT_ID": 4369591,
        "SECOND_PROJECT_ID": null,
        "SECOND_OPPORTUNITY_ID": null,
        "ROLE": "Primary Developer",
        "DETAILS": null
      },
      {
        "LINK_ID": 138037397,
        "CONTACT_ID": 211115378,
        "OPPORTUNITY_ID": null,
        "ORGANISATION_ID": null,
        "PROJECT_ID": 4369591,
        "SECOND_PROJECT_ID": null,
        "SECOND_OPPORTUNITY_ID": null,
        "ROLE": "Developer",
        "DETAILS": null
      }
    ],
    "EMAILLINKS": null
  },
  {
    "PROJECT_ID": 4369592,
    "PROJECT_NAME": "Certona Architecture Consulting",
    "STATUS": "In Progress",
    "PROJECT_DETAILS": null,
    "OPPORTUNITY_ID": null,
    "STARTED_DATE": null,
    "COMPLETED_DATE": null,
    "IMAGE_URL": null,
    "RESPONSIBLE_USER_ID": null,
    "OWNER_USER_ID": 1337996,
    "DATE_CREATED_UTC": "2017-03-18T18:27:11",
    "DATE_UPDATED_UTC": "2017-05-13T17:30:02",
    "CATEGORY_ID": null,
    "PIPELINE_ID": null,
    "STAGE_ID": null,
    "VISIBLE_TO": "EVERYONE",
    "VISIBLE_TEAM_ID": null,
    "VISIBLE_USER_IDS": null,
    "CUSTOMFIELDS": [
      {
        "CUSTOM_FIELD_ID": "PROJECT_FIELD_2",
        "FIELD_VALUE": "2017-01-18 00:00:00"
      },
      {
        "CUSTOM_FIELD_ID": "PROJECT_FIELD_1",
        "FIELD_VALUE": "15000"
      }
    ],
    "TAGS": [],
    "LINKS": [
      {
        "LINK_ID": 138037220,
        "CONTACT_ID": null,
        "OPPORTUNITY_ID": null,
        "ORGANISATION_ID": 102917278,
        "PROJECT_ID": 4369592,
        "SECOND_PROJECT_ID": null,
        "SECOND_OPPORTUNITY_ID": null,
        "ROLE": null,
        "DETAILS": null
      },
      {
        "LINK_ID": 138037399,
        "CONTACT_ID": 210315264,
        "OPPORTUNITY_ID": null,
        "ORGANISATION_ID": null,
        "PROJECT_ID": 4369592,
        "SECOND_PROJECT_ID": null,
        "SECOND_OPPORTUNITY_ID": null,
        "ROLE": "Primary Consultant",
        "DETAILS": null
      }
    ],
    "EMAILLINKS": null
  },
  {
    "PROJECT_ID": 4369593,
    "PROJECT_NAME": "Chromacode Web",
    "STATUS": "In Progress",
    "PROJECT_DETAILS": null,
    "OPPORTUNITY_ID": null,
    "STARTED_DATE": null,
    "COMPLETED_DATE": null,
    "IMAGE_URL": null,
    "RESPONSIBLE_USER_ID": null,
    "OWNER_USER_ID": 1337996,
    "DATE_CREATED_UTC": "2017-03-18T18:27:11",
    "DATE_UPDATED_UTC": "2017-05-05T04:35:09",
    "CATEGORY_ID": null,
    "PIPELINE_ID": null,
    "STAGE_ID": null,
    "VISIBLE_TO": "EVERYONE",
    "VISIBLE_TEAM_ID": null,
    "VISIBLE_USER_IDS": null,
    "CUSTOMFIELDS": [
      {
        "CUSTOM_FIELD_ID": "PROJECT_FIELD_2",
        "FIELD_VALUE": "2017-02-14 00:00:00"
      }
    ],
    "TAGS": [],
    "LINKS": [
      {
        "LINK_ID": 138037245,
        "CONTACT_ID": null,
        "OPPORTUNITY_ID": null,
        "ORGANISATION_ID": 102917279,
        "PROJECT_ID": 4369593,
        "SECOND_PROJECT_ID": null,
        "SECOND_OPPORTUNITY_ID": null,
        "ROLE": null,
        "DETAILS": null
      },
      {
        "LINK_ID": 138037400,
        "CONTACT_ID": 210315264,
        "OPPORTUNITY_ID": null,
        "ORGANISATION_ID": null,
        "PROJECT_ID": 4369593,
        "SECOND_PROJECT_ID": null,
        "SECOND_OPPORTUNITY_ID": null,
        "ROLE": "Tech Lead",
        "DETAILS": null
      },
      {
        "LINK_ID": 138037418,
        "CONTACT_ID": 211115406,
        "OPPORTUNITY_ID": null,
        "ORGANISATION_ID": null,
        "PROJECT_ID": 4369593,
        "SECOND_PROJECT_ID": null,
        "SECOND_OPPORTUNITY_ID": null,
        "ROLE": "Primary Developer",
        "DETAILS": null
      }
    ],
    "EMAILLINKS": null
  },
  {
    "PROJECT_ID": 4369594,
    "PROJECT_NAME": "Family Fit MVP",
    "STATUS": "In Progress",
    "PROJECT_DETAILS": null,
    "OPPORTUNITY_ID": null,
    "STARTED_DATE": null,
    "COMPLETED_DATE": null,
    "IMAGE_URL": null,
    "RESPONSIBLE_USER_ID": null,
    "OWNER_USER_ID": 1337996,
    "DATE_CREATED_UTC": "2017-03-18T18:27:11",
    "DATE_UPDATED_UTC": "2017-05-25T15:45:19",
    "CATEGORY_ID": null,
    "PIPELINE_ID": null,
    "STAGE_ID": null,
    "VISIBLE_TO": "EVERYONE",
    "VISIBLE_TEAM_ID": null,
    "VISIBLE_USER_IDS": null,
    "CUSTOMFIELDS": [
      {
        "CUSTOM_FIELD_ID": "PROJECT_FIELD_1",
        "FIELD_VALUE": "7500/mo"
      }
    ],
    "TAGS": [],
    "LINKS": [
      {
        "LINK_ID": 138037338,
        "CONTACT_ID": null,
        "OPPORTUNITY_ID": null,
        "ORGANISATION_ID": 102917288,
        "PROJECT_ID": 4369594,
        "SECOND_PROJECT_ID": null,
        "SECOND_OPPORTUNITY_ID": null,
        "ROLE": null,
        "DETAILS": null
      },
      {
        "LINK_ID": 138037420,
        "CONTACT_ID": 210315264,
        "OPPORTUNITY_ID": null,
        "ORGANISATION_ID": null,
        "PROJECT_ID": 4369594,
        "SECOND_PROJECT_ID": null,
        "SECOND_OPPORTUNITY_ID": null,
        "ROLE": "Tech Lead / Primary Developer",
        "DETAILS": null
      },
      {
        "LINK_ID": 138037421,
        "CONTACT_ID": 211115368,
        "OPPORTUNITY_ID": null,
        "ORGANISATION_ID": null,
        "PROJECT_ID": 4369594,
        "SECOND_PROJECT_ID": null,
        "SECOND_OPPORTUNITY_ID": null,
        "ROLE": "Developer",
        "DETAILS": null
      }
    ],
    "EMAILLINKS": null
  },
  {
    "PROJECT_ID": 4369595,
    "PROJECT_NAME": "Geisinger Consulting",
    "STATUS": "In Progress",
    "PROJECT_DETAILS": null,
    "OPPORTUNITY_ID": null,
    "STARTED_DATE": null,
    "COMPLETED_DATE": null,
    "IMAGE_URL": null,
    "RESPONSIBLE_USER_ID": null,
    "OWNER_USER_ID": 1337996,
    "DATE_CREATED_UTC": "2017-03-18T18:27:11",
    "DATE_UPDATED_UTC": "2017-05-25T15:45:39",
    "CATEGORY_ID": null,
    "PIPELINE_ID": null,
    "STAGE_ID": null,
    "VISIBLE_TO": "EVERYONE",
    "VISIBLE_TEAM_ID": null,
    "VISIBLE_USER_IDS": null,
    "CUSTOMFIELDS": [
      {
        "CUSTOM_FIELD_ID": "PROJECT_FIELD_2",
        "FIELD_VALUE": "2017-01-25 00:00:00"
      },
      {
        "CUSTOM_FIELD_ID": "PROJECT_FIELD_1",
        "FIELD_VALUE": "4950"
      }
    ],
    "TAGS": [],
    "LINKS": [
      {
        "LINK_ID": 138037223,
        "CONTACT_ID": null,
        "OPPORTUNITY_ID": null,
        "ORGANISATION_ID": 102917302,
        "PROJECT_ID": 4369595,
        "SECOND_PROJECT_ID": null,
        "SECOND_OPPORTUNITY_ID": null,
        "ROLE": null,
        "DETAILS": null
      },
      {
        "LINK_ID": 138037422,
        "CONTACT_ID": 210315264,
        "OPPORTUNITY_ID": null,
        "ORGANISATION_ID": null,
        "PROJECT_ID": 4369595,
        "SECOND_PROJECT_ID": null,
        "SECOND_OPPORTUNITY_ID": null,
        "ROLE": "Primary Consultant",
        "DETAILS": null
      }
    ],
    "EMAILLINKS": null
  },
  {
    "PROJECT_ID": 4369596,
    "PROJECT_NAME": "ASM Software",
    "STATUS": "NOT STARTED",
    "PROJECT_DETAILS": null,
    "OPPORTUNITY_ID": null,
    "STARTED_DATE": null,
    "COMPLETED_DATE": null,
    "IMAGE_URL": null,
    "RESPONSIBLE_USER_ID": null,
    "OWNER_USER_ID": 1337996,
    "DATE_CREATED_UTC": "2017-03-18T18:27:11",
    "DATE_UPDATED_UTC": "2017-03-18T18:29:15",
    "CATEGORY_ID": null,
    "PIPELINE_ID": null,
    "STAGE_ID": null,
    "VISIBLE_TO": "EVERYONE",
    "VISIBLE_TEAM_ID": null,
    "VISIBLE_USER_IDS": null,
    "CUSTOMFIELDS": [],
    "TAGS": [],
    "LINKS": [
      {
        "LINK_ID": 138037250,
        "CONTACT_ID": null,
        "OPPORTUNITY_ID": null,
        "ORGANISATION_ID": 102917274,
        "PROJECT_ID": 4369596,
        "SECOND_PROJECT_ID": null,
        "SECOND_OPPORTUNITY_ID": null,
        "ROLE": null,
        "DETAILS": null
      }
    ],
    "EMAILLINKS": null
  },
  {
    "PROJECT_ID": 4369597,
    "PROJECT_NAME": "Illumina Base Space",
    "STATUS": "In Progress",
    "PROJECT_DETAILS": null,
    "OPPORTUNITY_ID": null,
    "STARTED_DATE": null,
    "COMPLETED_DATE": null,
    "IMAGE_URL": null,
    "RESPONSIBLE_USER_ID": null,
    "OWNER_USER_ID": 1337996,
    "DATE_CREATED_UTC": "2017-03-18T18:27:11",
    "DATE_UPDATED_UTC": "2017-05-25T15:45:53",
    "CATEGORY_ID": null,
    "PIPELINE_ID": null,
    "STAGE_ID": null,
    "VISIBLE_TO": "EVERYONE",
    "VISIBLE_TEAM_ID": null,
    "VISIBLE_USER_IDS": null,
    "CUSTOMFIELDS": [
      {
        "CUSTOM_FIELD_ID": "PROJECT_FIELD_2",
        "FIELD_VALUE": "2017-01-01 00:00:00"
      },
      {
        "CUSTOM_FIELD_ID": "PROJECT_FIELD_1",
        "FIELD_VALUE": "30000"
      }
    ],
    "TAGS": [],
    "LINKS": [
      {
        "LINK_ID": 138037306,
        "CONTACT_ID": null,
        "OPPORTUNITY_ID": null,
        "ORGANISATION_ID": 102917292,
        "PROJECT_ID": 4369597,
        "SECOND_PROJECT_ID": null,
        "SECOND_OPPORTUNITY_ID": null,
        "ROLE": null,
        "DETAILS": null
      },
      {
        "LINK_ID": 138037424,
        "CONTACT_ID": 210315264,
        "OPPORTUNITY_ID": null,
        "ORGANISATION_ID": null,
        "PROJECT_ID": 4369597,
        "SECOND_PROJECT_ID": null,
        "SECOND_OPPORTUNITY_ID": null,
        "ROLE": "Primary Consultant",
        "DETAILS": null
      }
    ],
    "EMAILLINKS": null
  },
  {
    "PROJECT_ID": 4369598,
    "PROJECT_NAME": "Illumina Sales Calculator",
    "STATUS": "In Progress",
    "PROJECT_DETAILS": null,
    "OPPORTUNITY_ID": null,
    "STARTED_DATE": null,
    "COMPLETED_DATE": null,
    "IMAGE_URL": null,
    "RESPONSIBLE_USER_ID": null,
    "OWNER_USER_ID": 1337996,
    "DATE_CREATED_UTC": "2017-03-18T18:27:11",
    "DATE_UPDATED_UTC": "2017-05-25T15:46:45",
    "CATEGORY_ID": null,
    "PIPELINE_ID": null,
    "STAGE_ID": null,
    "VISIBLE_TO": "EVERYONE",
    "VISIBLE_TEAM_ID": null,
    "VISIBLE_USER_IDS": null,
    "CUSTOMFIELDS": [
      {
        "CUSTOM_FIELD_ID": "PROJECT_FIELD_2",
        "FIELD_VALUE": "2017-03-22 00:00:00"
      },
      {
        "CUSTOM_FIELD_ID": "PROJECT_FIELD_1",
        "FIELD_VALUE": "25000"
      }
    ],
    "TAGS": [],
    "LINKS": [
      {
        "LINK_ID": 138037310,
        "CONTACT_ID": null,
        "OPPORTUNITY_ID": null,
        "ORGANISATION_ID": 102917292,
        "PROJECT_ID": 4369598,
        "SECOND_PROJECT_ID": null,
        "SECOND_OPPORTUNITY_ID": null,
        "ROLE": null,
        "DETAILS": null
      },
      {
        "LINK_ID": 138037426,
        "CONTACT_ID": 210315264,
        "OPPORTUNITY_ID": null,
        "ORGANISATION_ID": null,
        "PROJECT_ID": 4369598,
        "SECOND_PROJECT_ID": null,
        "SECOND_OPPORTUNITY_ID": null,
        "ROLE": "Tech Lead",
        "DETAILS": null
      },
      {
        "LINK_ID": 138037429,
        "CONTACT_ID": 211115363,
        "OPPORTUNITY_ID": null,
        "ORGANISATION_ID": null,
        "PROJECT_ID": 4369598,
        "SECOND_PROJECT_ID": null,
        "SECOND_OPPORTUNITY_ID": null,
        "ROLE": "Primary Developer",
        "DETAILS": null
      }
    ],
    "EMAILLINKS": null
  },
  {
    "PROJECT_ID": 4369599,
    "PROJECT_NAME": "Magnaflow Mobile",
    "STATUS": "NOT STARTED",
    "PROJECT_DETAILS": null,
    "OPPORTUNITY_ID": null,
    "STARTED_DATE": null,
    "COMPLETED_DATE": null,
    "IMAGE_URL": null,
    "RESPONSIBLE_USER_ID": null,
    "OWNER_USER_ID": 1337996,
    "DATE_CREATED_UTC": "2017-03-18T18:27:12",
    "DATE_UPDATED_UTC": "2017-04-22T23:03:09",
    "CATEGORY_ID": null,
    "PIPELINE_ID": null,
    "STAGE_ID": null,
    "VISIBLE_TO": "EVERYONE",
    "VISIBLE_TEAM_ID": null,
    "VISIBLE_USER_IDS": null,
    "CUSTOMFIELDS": [],
    "TAGS": [],
    "LINKS": [
      {
        "LINK_ID": 138037227,
        "CONTACT_ID": null,
        "OPPORTUNITY_ID": null,
        "ORGANISATION_ID": 102917297,
        "PROJECT_ID": 4369599,
        "SECOND_PROJECT_ID": null,
        "SECOND_OPPORTUNITY_ID": null,
        "ROLE": null,
        "DETAILS": null
      },
      {
        "LINK_ID": 138037436,
        "CONTACT_ID": 211115355,
        "OPPORTUNITY_ID": null,
        "ORGANISATION_ID": null,
        "PROJECT_ID": 4369599,
        "SECOND_PROJECT_ID": null,
        "SECOND_OPPORTUNITY_ID": null,
        "ROLE": "Tech Lead",
        "DETAILS": null
      },
      {
        "LINK_ID": 138037446,
        "CONTACT_ID": 211115368,
        "OPPORTUNITY_ID": null,
        "ORGANISATION_ID": null,
        "PROJECT_ID": 4369599,
        "SECOND_PROJECT_ID": null,
        "SECOND_OPPORTUNITY_ID": null,
        "ROLE": "Developer",
        "DETAILS": null
      }
    ],
    "EMAILLINKS": null
  },
  {
    "PROJECT_ID": 4369600,
    "PROJECT_NAME": "Magnaflow Data",
    "STATUS": "NOT STARTED",
    "PROJECT_DETAILS": null,
    "OPPORTUNITY_ID": null,
    "STARTED_DATE": null,
    "COMPLETED_DATE": null,
    "IMAGE_URL": null,
    "RESPONSIBLE_USER_ID": null,
    "OWNER_USER_ID": 1337996,
    "DATE_CREATED_UTC": "2017-03-18T18:27:12",
    "DATE_UPDATED_UTC": "2017-03-18T18:27:12",
    "CATEGORY_ID": null,
    "PIPELINE_ID": null,
    "STAGE_ID": null,
    "VISIBLE_TO": "EVERYONE",
    "VISIBLE_TEAM_ID": null,
    "VISIBLE_USER_IDS": null,
    "CUSTOMFIELDS": [],
    "TAGS": [],
    "LINKS": [
      {
        "LINK_ID": 138037228,
        "CONTACT_ID": null,
        "OPPORTUNITY_ID": null,
        "ORGANISATION_ID": 102917297,
        "PROJECT_ID": 4369600,
        "SECOND_PROJECT_ID": null,
        "SECOND_OPPORTUNITY_ID": null,
        "ROLE": null,
        "DETAILS": null
      }
    ],
    "EMAILLINKS": null
  },
  {
    "PROJECT_ID": 4369601,
    "PROJECT_NAME": "Magnaflow Web",
    "STATUS": "In Progress",
    "PROJECT_DETAILS": null,
    "OPPORTUNITY_ID": null,
    "STARTED_DATE": null,
    "COMPLETED_DATE": null,
    "IMAGE_URL": null,
    "RESPONSIBLE_USER_ID": null,
    "OWNER_USER_ID": 1337996,
    "DATE_CREATED_UTC": "2017-03-18T18:27:12",
    "DATE_UPDATED_UTC": "2017-05-07T00:31:49",
    "CATEGORY_ID": null,
    "PIPELINE_ID": null,
    "STAGE_ID": null,
    "VISIBLE_TO": "EVERYONE",
    "VISIBLE_TEAM_ID": null,
    "VISIBLE_USER_IDS": null,
    "CUSTOMFIELDS": [],
    "TAGS": [],
    "LINKS": [
      {
        "LINK_ID": 138037229,
        "CONTACT_ID": null,
        "OPPORTUNITY_ID": null,
        "ORGANISATION_ID": 102917297,
        "PROJECT_ID": 4369601,
        "SECOND_PROJECT_ID": null,
        "SECOND_OPPORTUNITY_ID": null,
        "ROLE": null,
        "DETAILS": null
      }
    ],
    "EMAILLINKS": null
  },
  {
    "PROJECT_ID": 4369602,
    "PROJECT_NAME": "Illumina MARS",
    "STATUS": "In Progress",
    "PROJECT_DETAILS": null,
    "OPPORTUNITY_ID": null,
    "STARTED_DATE": null,
    "COMPLETED_DATE": null,
    "IMAGE_URL": null,
    "RESPONSIBLE_USER_ID": null,
    "OWNER_USER_ID": 1337996,
    "DATE_CREATED_UTC": "2017-03-18T18:27:12",
    "DATE_UPDATED_UTC": "2017-05-25T15:46:32",
    "CATEGORY_ID": null,
    "PIPELINE_ID": null,
    "STAGE_ID": null,
    "VISIBLE_TO": "EVERYONE",
    "VISIBLE_TEAM_ID": null,
    "VISIBLE_USER_IDS": null,
    "CUSTOMFIELDS": [
      {
        "CUSTOM_FIELD_ID": "PROJECT_FIELD_2",
        "FIELD_VALUE": "2017-03-17 00:00:00"
      },
      {
        "CUSTOM_FIELD_ID": "PROJECT_FIELD_1",
        "FIELD_VALUE": "16800"
      }
    ],
    "TAGS": [],
    "LINKS": [
      {
        "LINK_ID": 138037313,
        "CONTACT_ID": null,
        "OPPORTUNITY_ID": null,
        "ORGANISATION_ID": 102917292,
        "PROJECT_ID": 4369602,
        "SECOND_PROJECT_ID": null,
        "SECOND_OPPORTUNITY_ID": null,
        "ROLE": null,
        "DETAILS": null
      },
      {
        "LINK_ID": 138037425,
        "CONTACT_ID": 210315264,
        "OPPORTUNITY_ID": null,
        "ORGANISATION_ID": null,
        "PROJECT_ID": 4369602,
        "SECOND_PROJECT_ID": null,
        "SECOND_OPPORTUNITY_ID": null,
        "ROLE": "Primary Developer",
        "DETAILS": ""
      }
    ],
    "EMAILLINKS": null
  },
  {
    "PROJECT_ID": 4369603,
    "PROJECT_NAME": "Mobile Surf Movies",
    "STATUS": "In Progress",
    "PROJECT_DETAILS": null,
    "OPPORTUNITY_ID": null,
    "STARTED_DATE": null,
    "COMPLETED_DATE": null,
    "IMAGE_URL": null,
    "RESPONSIBLE_USER_ID": null,
    "OWNER_USER_ID": 1337996,
    "DATE_CREATED_UTC": "2017-03-18T18:27:12",
    "DATE_UPDATED_UTC": "2017-03-18T18:49:41",
    "CATEGORY_ID": null,
    "PIPELINE_ID": null,
    "STAGE_ID": null,
    "VISIBLE_TO": "EVERYONE",
    "VISIBLE_TEAM_ID": null,
    "VISIBLE_USER_IDS": null,
    "CUSTOMFIELDS": [],
    "TAGS": [],
    "LINKS": [
      {
        "LINK_ID": 138037327,
        "CONTACT_ID": null,
        "OPPORTUNITY_ID": null,
        "ORGANISATION_ID": 102917298,
        "PROJECT_ID": 4369603,
        "SECOND_PROJECT_ID": null,
        "SECOND_OPPORTUNITY_ID": null,
        "ROLE": null,
        "DETAILS": null
      },
      {
        "LINK_ID": 138037452,
        "CONTACT_ID": 210315264,
        "OPPORTUNITY_ID": null,
        "ORGANISATION_ID": null,
        "PROJECT_ID": 4369603,
        "SECOND_PROJECT_ID": null,
        "SECOND_OPPORTUNITY_ID": null,
        "ROLE": "Tech Lead",
        "DETAILS": null
      },
      {
        "LINK_ID": 138037453,
        "CONTACT_ID": 211115406,
        "OPPORTUNITY_ID": null,
        "ORGANISATION_ID": null,
        "PROJECT_ID": 4369603,
        "SECOND_PROJECT_ID": null,
        "SECOND_OPPORTUNITY_ID": null,
        "ROLE": "Primary Developer",
        "DETAILS": null
      }
    ],
    "EMAILLINKS": null
  },
  {
    "PROJECT_ID": 4369604,
    "PROJECT_NAME": "Net Transcripts",
    "STATUS": "In Progress",
    "PROJECT_DETAILS": null,
    "OPPORTUNITY_ID": null,
    "STARTED_DATE": null,
    "COMPLETED_DATE": null,
    "IMAGE_URL": null,
    "RESPONSIBLE_USER_ID": null,
    "OWNER_USER_ID": 1337996,
    "DATE_CREATED_UTC": "2017-03-18T18:27:12",
    "DATE_UPDATED_UTC": "2017-03-18T18:49:06",
    "CATEGORY_ID": null,
    "PIPELINE_ID": null,
    "STAGE_ID": null,
    "VISIBLE_TO": "EVERYONE",
    "VISIBLE_TEAM_ID": null,
    "VISIBLE_USER_IDS": null,
    "CUSTOMFIELDS": [],
    "TAGS": [],
    "LINKS": [
      {
        "LINK_ID": 138037232,
        "CONTACT_ID": null,
        "OPPORTUNITY_ID": null,
        "ORGANISATION_ID": 102917300,
        "PROJECT_ID": 4369604,
        "SECOND_PROJECT_ID": null,
        "SECOND_OPPORTUNITY_ID": null,
        "ROLE": null,
        "DETAILS": null
      },
      {
        "LINK_ID": 138037454,
        "CONTACT_ID": 211115355,
        "OPPORTUNITY_ID": null,
        "ORGANISATION_ID": null,
        "PROJECT_ID": 4369604,
        "SECOND_PROJECT_ID": null,
        "SECOND_OPPORTUNITY_ID": null,
        "ROLE": "Tech Lead / Primary Developer",
        "DETAILS": null
      },
      {
        "LINK_ID": 138037459,
        "CONTACT_ID": 211115474,
        "OPPORTUNITY_ID": null,
        "ORGANISATION_ID": null,
        "PROJECT_ID": 4369604,
        "SECOND_PROJECT_ID": null,
        "SECOND_OPPORTUNITY_ID": null,
        "ROLE": "QA",
        "DETAILS": null
      }
    ],
    "EMAILLINKS": null
  },
  {
    "PROJECT_ID": 4369605,
    "PROJECT_NAME": "Magnaflow OnBase",
    "STATUS": "NOT STARTED",
    "PROJECT_DETAILS": null,
    "OPPORTUNITY_ID": null,
    "STARTED_DATE": null,
    "COMPLETED_DATE": null,
    "IMAGE_URL": null,
    "RESPONSIBLE_USER_ID": null,
    "OWNER_USER_ID": 1337996,
    "DATE_CREATED_UTC": "2017-03-18T18:27:12",
    "DATE_UPDATED_UTC": "2017-04-22T23:03:22",
    "CATEGORY_ID": null,
    "PIPELINE_ID": null,
    "STAGE_ID": null,
    "VISIBLE_TO": "EVERYONE",
    "VISIBLE_TEAM_ID": null,
    "VISIBLE_USER_IDS": null,
    "CUSTOMFIELDS": [],
    "TAGS": [],
    "LINKS": [
      {
        "LINK_ID": 138037233,
        "CONTACT_ID": null,
        "OPPORTUNITY_ID": null,
        "ORGANISATION_ID": 102917297,
        "PROJECT_ID": 4369605,
        "SECOND_PROJECT_ID": null,
        "SECOND_OPPORTUNITY_ID": null,
        "ROLE": null,
        "DETAILS": null
      }
    ],
    "EMAILLINKS": null
  },
  {
    "PROJECT_ID": 4369606,
    "PROJECT_NAME": "Oracle Migration",
    "STATUS": "NOT STARTED",
    "PROJECT_DETAILS": null,
    "OPPORTUNITY_ID": null,
    "STARTED_DATE": null,
    "COMPLETED_DATE": null,
    "IMAGE_URL": null,
    "RESPONSIBLE_USER_ID": null,
    "OWNER_USER_ID": 1337996,
    "DATE_CREATED_UTC": "2017-03-18T18:27:12",
    "DATE_UPDATED_UTC": "2017-03-18T18:27:12",
    "CATEGORY_ID": null,
    "PIPELINE_ID": null,
    "STAGE_ID": null,
    "VISIBLE_TO": "EVERYONE",
    "VISIBLE_TEAM_ID": null,
    "VISIBLE_USER_IDS": null,
    "CUSTOMFIELDS": [],
    "TAGS": [],
    "LINKS": [
      {
        "LINK_ID": 138037234,
        "CONTACT_ID": null,
        "OPPORTUNITY_ID": null,
        "ORGANISATION_ID": 102917308,
        "PROJECT_ID": 4369606,
        "SECOND_PROJECT_ID": null,
        "SECOND_OPPORTUNITY_ID": null,
        "ROLE": null,
        "DETAILS": null
      }
    ],
    "EMAILLINKS": null
  },
  {
    "PROJECT_ID": 4369607,
    "PROJECT_NAME": "Pet Web",
    "STATUS": "Not Started",
    "PROJECT_DETAILS": null,
    "OPPORTUNITY_ID": null,
    "STARTED_DATE": null,
    "COMPLETED_DATE": null,
    "IMAGE_URL": null,
    "RESPONSIBLE_USER_ID": 1337996,
    "OWNER_USER_ID": 1337996,
    "DATE_CREATED_UTC": "2017-03-18T18:27:12",
    "DATE_UPDATED_UTC": "2017-05-07T00:25:41",
    "CATEGORY_ID": null,
    "PIPELINE_ID": null,
    "STAGE_ID": null,
    "VISIBLE_TO": "EVERYONE",
    "VISIBLE_TEAM_ID": null,
    "VISIBLE_USER_IDS": null,
    "CUSTOMFIELDS": [],
    "TAGS": [],
    "LINKS": [
      {
        "LINK_ID": 138037331,
        "CONTACT_ID": null,
        "OPPORTUNITY_ID": null,
        "ORGANISATION_ID": 103262680,
        "PROJECT_ID": 4369607,
        "SECOND_PROJECT_ID": null,
        "SECOND_OPPORTUNITY_ID": null,
        "ROLE": null,
        "DETAILS": null
      },
      {
        "LINK_ID": 138037462,
        "CONTACT_ID": 210315264,
        "OPPORTUNITY_ID": null,
        "ORGANISATION_ID": null,
        "PROJECT_ID": 4369607,
        "SECOND_PROJECT_ID": null,
        "SECOND_OPPORTUNITY_ID": null,
        "ROLE": "Tech Lead / Primary Developer",
        "DETAILS": null
      },
      {
        "LINK_ID": 138037466,
        "CONTACT_ID": 211115406,
        "OPPORTUNITY_ID": null,
        "ORGANISATION_ID": null,
        "PROJECT_ID": 4369607,
        "SECOND_PROJECT_ID": null,
        "SECOND_OPPORTUNITY_ID": null,
        "ROLE": "Developer",
        "DETAILS": null
      }
    ],
    "EMAILLINKS": null
  },
  {
    "PROJECT_ID": 4369608,
    "PROJECT_NAME": "Spencers Gifts",
    "STATUS": "NOT STARTED",
    "PROJECT_DETAILS": null,
    "OPPORTUNITY_ID": null,
    "STARTED_DATE": null,
    "COMPLETED_DATE": null,
    "IMAGE_URL": null,
    "RESPONSIBLE_USER_ID": null,
    "OWNER_USER_ID": 1337996,
    "DATE_CREATED_UTC": "2017-03-18T18:27:12",
    "DATE_UPDATED_UTC": "2017-03-18T18:27:12",
    "CATEGORY_ID": null,
    "PIPELINE_ID": null,
    "STAGE_ID": null,
    "VISIBLE_TO": "EVERYONE",
    "VISIBLE_TEAM_ID": null,
    "VISIBLE_USER_IDS": null,
    "CUSTOMFIELDS": [],
    "TAGS": [],
    "LINKS": [
      {
        "LINK_ID": 138037236,
        "CONTACT_ID": null,
        "OPPORTUNITY_ID": null,
        "ORGANISATION_ID": 102917308,
        "PROJECT_ID": 4369608,
        "SECOND_PROJECT_ID": null,
        "SECOND_OPPORTUNITY_ID": null,
        "ROLE": null,
        "DETAILS": null
      }
    ],
    "EMAILLINKS": null
  },
  {
    "PROJECT_ID": 4369609,
    "PROJECT_NAME": "Splice Win Client",
    "STATUS": "In Progress",
    "PROJECT_DETAILS": null,
    "OPPORTUNITY_ID": null,
    "STARTED_DATE": null,
    "COMPLETED_DATE": null,
    "IMAGE_URL": null,
    "RESPONSIBLE_USER_ID": null,
    "OWNER_USER_ID": 1337996,
    "DATE_CREATED_UTC": "2017-03-18T18:27:12",
    "DATE_UPDATED_UTC": "2017-03-18T18:49:26",
    "CATEGORY_ID": null,
    "PIPELINE_ID": null,
    "STAGE_ID": null,
    "VISIBLE_TO": "EVERYONE",
    "VISIBLE_TEAM_ID": null,
    "VISIBLE_USER_IDS": null,
    "CUSTOMFIELDS": [],
    "TAGS": [],
    "LINKS": [
      {
        "LINK_ID": 138037334,
        "CONTACT_ID": null,
        "OPPORTUNITY_ID": null,
        "ORGANISATION_ID": 102917286,
        "PROJECT_ID": 4369609,
        "SECOND_PROJECT_ID": null,
        "SECOND_OPPORTUNITY_ID": null,
        "ROLE": null,
        "DETAILS": null
      },
      {
        "LINK_ID": 138037473,
        "CONTACT_ID": 211115413,
        "OPPORTUNITY_ID": null,
        "ORGANISATION_ID": null,
        "PROJECT_ID": 4369609,
        "SECOND_PROJECT_ID": null,
        "SECOND_OPPORTUNITY_ID": null,
        "ROLE": "Primary Consultant",
        "DETAILS": null
      },
      {
        "LINK_ID": 138037474,
        "CONTACT_ID": 211115355,
        "OPPORTUNITY_ID": null,
        "ORGANISATION_ID": null,
        "PROJECT_ID": 4369609,
        "SECOND_PROJECT_ID": null,
        "SECOND_OPPORTUNITY_ID": null,
        "ROLE": "Tech Lead / Developer",
        "DETAILS": null
      },
      {
        "LINK_ID": 138037479,
        "CONTACT_ID": 211115378,
        "OPPORTUNITY_ID": null,
        "ORGANISATION_ID": null,
        "PROJECT_ID": 4369609,
        "SECOND_PROJECT_ID": null,
        "SECOND_OPPORTUNITY_ID": null,
        "ROLE": "Developer",
        "DETAILS": null
      }
    ],
    "EMAILLINKS": null
  },
  {
    "PROJECT_ID": 4369610,
    "PROJECT_NAME": "Vulcan Solar Park",
    "STATUS": "NOT STARTED",
    "PROJECT_DETAILS": null,
    "OPPORTUNITY_ID": null,
    "STARTED_DATE": null,
    "COMPLETED_DATE": null,
    "IMAGE_URL": null,
    "RESPONSIBLE_USER_ID": null,
    "OWNER_USER_ID": 1337996,
    "DATE_CREATED_UTC": "2017-03-18T18:27:12",
    "DATE_UPDATED_UTC": "2017-03-18T18:27:12",
    "CATEGORY_ID": null,
    "PIPELINE_ID": null,
    "STAGE_ID": null,
    "VISIBLE_TO": "EVERYONE",
    "VISIBLE_TEAM_ID": null,
    "VISIBLE_USER_IDS": null,
    "CUSTOMFIELDS": [],
    "TAGS": [],
    "LINKS": [
      {
        "LINK_ID": 138037238,
        "CONTACT_ID": null,
        "OPPORTUNITY_ID": null,
        "ORGANISATION_ID": 102917311,
        "PROJECT_ID": 4369610,
        "SECOND_PROJECT_ID": null,
        "SECOND_OPPORTUNITY_ID": null,
        "ROLE": null,
        "DETAILS": null
      }
    ],
    "EMAILLINKS": null
  },
  {
    "PROJECT_ID": 4369611,
    "PROJECT_NAME": "WeSuite",
    "STATUS": "NOT STARTED",
    "PROJECT_DETAILS": null,
    "OPPORTUNITY_ID": null,
    "STARTED_DATE": null,
    "COMPLETED_DATE": null,
    "IMAGE_URL": null,
    "RESPONSIBLE_USER_ID": null,
    "OWNER_USER_ID": 1337996,
    "DATE_CREATED_UTC": "2017-03-18T18:27:12",
    "DATE_UPDATED_UTC": "2017-03-18T18:27:12",
    "CATEGORY_ID": null,
    "PIPELINE_ID": null,
    "STAGE_ID": null,
    "VISIBLE_TO": "EVERYONE",
    "VISIBLE_TEAM_ID": null,
    "VISIBLE_USER_IDS": null,
    "CUSTOMFIELDS": [],
    "TAGS": [],
    "LINKS": [
      {
        "LINK_ID": 138037239,
        "CONTACT_ID": null,
        "OPPORTUNITY_ID": null,
        "ORGANISATION_ID": 102917315,
        "PROJECT_ID": 4369611,
        "SECOND_PROJECT_ID": null,
        "SECOND_OPPORTUNITY_ID": null,
        "ROLE": null,
        "DETAILS": null
      }
    ],
    "EMAILLINKS": null
  },
  {
    "PROJECT_ID": 4559002,
    "PROJECT_NAME": "e-Onboarding",
    "STATUS": "In Progress",
    "PROJECT_DETAILS": null,
    "OPPORTUNITY_ID": null,
    "STARTED_DATE": null,
    "COMPLETED_DATE": null,
    "IMAGE_URL": null,
    "RESPONSIBLE_USER_ID": 1337996,
    "OWNER_USER_ID": 1337996,
    "DATE_CREATED_UTC": "2017-04-22T23:00:36",
    "DATE_UPDATED_UTC": "2017-05-25T15:47:22",
    "CATEGORY_ID": null,
    "PIPELINE_ID": null,
    "STAGE_ID": null,
    "VISIBLE_TO": "EVERYONE",
    "VISIBLE_TEAM_ID": null,
    "VISIBLE_USER_IDS": null,
    "CUSTOMFIELDS": [
      {
        "CUSTOM_FIELD_ID": "PROJECT_FIELD_2",
        "FIELD_VALUE": "2017-03-17 00:00:00"
      },
      {
        "CUSTOM_FIELD_ID": "PROJECT_FIELD_1",
        "FIELD_VALUE": "18000"
      }
    ],
    "TAGS": [],
    "LINKS": [
      {
        "LINK_ID": 141223087,
        "CONTACT_ID": null,
        "OPPORTUNITY_ID": null,
        "ORGANISATION_ID": 103263066,
        "PROJECT_ID": 4559002,
        "SECOND_PROJECT_ID": null,
        "SECOND_OPPORTUNITY_ID": null,
        "ROLE": null,
        "DETAILS": null
      }
    ],
    "EMAILLINKS": null
  },
  {
    "PROJECT_ID": 4583019,
    "PROJECT_NAME": "Pilot.net",
    "STATUS": "NOT STARTED",
    "PROJECT_DETAILS": null,
    "OPPORTUNITY_ID": null,
    "STARTED_DATE": null,
    "COMPLETED_DATE": null,
    "IMAGE_URL": null,
    "RESPONSIBLE_USER_ID": 1337996,
    "OWNER_USER_ID": 1337996,
    "DATE_CREATED_UTC": "2017-04-26T04:45:52",
    "DATE_UPDATED_UTC": "2017-04-26T04:46:23",
    "CATEGORY_ID": null,
    "PIPELINE_ID": null,
    "STAGE_ID": null,
    "VISIBLE_TO": "EVERYONE",
    "VISIBLE_TEAM_ID": null,
    "VISIBLE_USER_IDS": null,
    "CUSTOMFIELDS": [],
    "TAGS": [],
    "LINKS": [
      {
        "LINK_ID": 141543937,
        "CONTACT_ID": null,
        "OPPORTUNITY_ID": null,
        "ORGANISATION_ID": 102917290,
        "PROJECT_ID": 4583019,
        "SECOND_PROJECT_ID": null,
        "SECOND_OPPORTUNITY_ID": null,
        "ROLE": "Organization",
        "DETAILS": null
      }
    ],
    "EMAILLINKS": null
  }
]