{
  "ORGANISATION_ID": 102917271,
  "ORGANISATION_NAME": "1ParkPlace",
  "BACKGROUND": null,
  "IMAGE_URL": "http://s3.amazonaws.com/insightly.userfiles/789915/OOEARS/106c4317-2f35-44f2-b0d0-b7dcd9afafa8.jpeg",
  "OWNER_USER_ID": 1337993,
  "DATE_CREATED_UTC": "2017-03-13T22:30:18",
  "DATE_UPDATED_UTC": "2017-03-13T22:30:19",
  "VISIBLE_TO": "EVERYONE",
  "VISIBLE_TEAM_ID": null,
  "VISIBLE_USER_IDS": null,
  "CUSTOMFIELDS": [],
  "ADDRESSES": [
    {
      "ADDRESS_ID": 10102917271,
      "ADDRESS_TYPE": "POSTAL",
      "STREET": "10875 Rancho Bernardo Rd Ste 100",
      "CITY": "San Diego",
      "STATE": "CA",
      "POSTCODE": "92127",
      "COUNTRY": null
    },
    {
      "ADDRESS_ID": 20102917271,
      "ADDRESS_TYPE": "PRIMARY",
      "STREET": "10875 Rancho Bernardo Rd Ste 100",
      "CITY": "San Diego",
      "STATE": "CA",
      "POSTCODE": "92127",
      "COUNTRY": null
    }
  ],
  "CONTACTINFOS": [
    {
      "CONTACT_INFO_ID": 60102917271,
      "TYPE": "WEBSITE",
      "SUBTYPE": null,
      "LABEL": "WORK",
      "DETAIL": "http://www.1parkplace.com/"
    }
  ],
  "DATES": [],
  "TAGS": [
    {
      "TAG_NAME": "BadClient"
    }
  ],
  "LINKS": [
    {
      "LINK_ID": 137456191,
      "CONTACT_ID": 210316111,
      "OPPORTUNITY_ID": null,
      "ORGANISATION_ID": 102917271,
      "PROJECT_ID": null,
      "SECOND_PROJECT_ID": null,
      "SECOND_OPPORTUNITY_ID": null,
      "ROLE": "Employee",
      "DETAILS": null
    }
  ],
  "ORGANISATIONLINKS": [],
  "EMAILLINKS": null
}