{
  "PROJECT_ID": 4369591,
  "PROJECT_NAME": "Ace Fitness Website 2.0",
  "STATUS": "In Progress",
  "PROJECT_DETAILS": null,
  "OPPORTUNITY_ID": null,
  "STARTED_DATE": null,
  "COMPLETED_DATE": null,
  "IMAGE_URL": null,
  "RESPONSIBLE_USER_ID": null,
  "OWNER_USER_ID": 1337996,
  "DATE_CREATED_UTC": "2017-03-18T18:27:11",
  "DATE_UPDATED_UTC": "2017-05-13T17:29:50",
  "CATEGORY_ID": null,
  "PIPELINE_ID": null,
  "STAGE_ID": null,
  "VISIBLE_TO": "EVERYONE",
  "VISIBLE_TEAM_ID": null,
  "VISIBLE_USER_IDS": null,
  "CUSTOMFIELDS": [
    {
      "CUSTOM_FIELD_ID": "PROJECT_FIELD_2",
      "FIELD_VALUE": "2017-02-23 00:00:00"
    },
    {
      "CUSTOM_FIELD_ID": "PROJECT_FIELD_1",
      "FIELD_VALUE": "45000"
    }
  ],
  "TAGS": [],
  "LINKS": [
    {
      "LINK_ID": 138037219,
      "CONTACT_ID": null,
      "OPPORTUNITY_ID": null,
      "ORGANISATION_ID": 102917273,
      "PROJECT_ID": 4369591,
      "SECOND_PROJECT_ID": null,
      "SECOND_OPPORTUNITY_ID": null,
      "ROLE": null,
      "DETAILS": null
    },
    {
      "LINK_ID": 138037392,
      "CONTACT_ID": 210315264,
      "OPPORTUNITY_ID": null,
      "ORGANISATION_ID": null,
      "PROJECT_ID": 4369591,
      "SECOND_PROJECT_ID": null,
      "SECOND_OPPORTUNITY_ID": null,
      "ROLE": "Tech Lead",
      "DETAILS": ""
    },
    {
      "LINK_ID": 138037395,
      "CONTACT_ID": 211115363,
      "OPPORTUNITY_ID": null,
      "ORGANISATION_ID": null,
      "PROJECT_ID": 4369591,
      "SECOND_PROJECT_ID": null,
      "SECOND_OPPORTUNITY_ID": null,
      "ROLE": "Primary Developer",
      "DETAILS": null
    },
    {
      "LINK_ID": 138037397,
      "CONTACT_ID": 211115378,
      "OPPORTUNITY_ID": null,
      "ORGANISATION_ID": null,
      "PROJECT_ID": 4369591,
      "SECOND_PROJECT_ID": null,
      "SECOND_OPPORTUNITY_ID": null,
      "ROLE": "Developer",
      "DETAILS": null
    }
  ],
  "EMAILLINKS": null
}